WARNING 2025-04-19 23:35:09,448 middleware 29092 32700 login_failure - User: anonymous - Path: /api/auth/login/
WARNING 2025-04-19 23:36:04,682 middleware 29092 32700 login_failure - User: anonymous - Path: /api/auth/login/
WARNING 2025-04-19 23:36:22,561 middleware 29092 32700 login_failure - User: anonymous - Path: /api/auth/login/
WARNING 2025-04-19 23:38:03,172 middleware 29092 31832 login_failure - User: anonymous - Path: /api/auth/login/
WARNING 2025-04-19 23:38:16,425 middleware 29092 31832 login_failure - User: anonymous - Path: /api/auth/login/
WARNING 2025-04-19 23:38:37,273 middleware 29092 31832 login_failure - User: anonymous - Path: /api/auth/login/
WARNING 2025-04-19 23:38:46,208 middleware 29092 31832 login_failure - User: anonymous - Path: /api/auth/login/
WARNING 2025-04-19 23:39:18,209 middleware 29092 31832 login_failure - User: anonymous - Path: /api/auth/login/
WARNING 2025-04-19 23:40:06,774 middleware 29092 31832 login_failure - User: anonymous - Path: /api/auth/login/
WARNING 2025-04-19 23:40:09,522 middleware 29092 31832 login_failure - User: anonymous - Path: /api/auth/login/
WARNING 2025-04-19 23:40:21,834 middleware 29092 31832 login_failure - User: anonymous - Path: /api/auth/login/
WARNING 2025-04-19 23:40:23,556 middleware 29092 31832 login_failure - User: anonymous - Path: /api/auth/login/
WARNING 2025-04-19 23:40:32,844 middleware 29092 31832 login_failure - User: anonymous - Path: /api/auth/login/
WARNING 2025-04-19 23:40:45,474 middleware 29092 31832 login_failure - User: anonymous - Path: /api/auth/login/
WARNING 2025-04-19 23:40:54,271 middleware 29092 31832 login_failure - User: anonymous - Path: /api/auth/login/
WARNING 2025-04-19 23:42:43,933 middleware 31264 28652 login_failure - User: anonymous - Path: /api/auth/login/
WARNING 2025-04-19 23:46:33,072 middleware 31264 14240 access_denied - User: anonymous - Path: /api/users/
WARNING 2025-04-19 23:47:17,510 middleware 31264 25460 access_denied - User: anonymous - Path: /api/users/
WARNING 2025-04-19 23:47:22,749 middleware 31264 30692 access_denied - User: anonymous - Path: /api/users/
WARNING 2025-04-19 23:47:33,535 middleware 31264 13132 access_denied - User: anonymous - Path: /api/users/
WARNING 2025-04-19 23:48:08,825 middleware 31264 22520 access_denied - User: anonymous - Path: /api/users/
WARNING 2025-04-19 23:48:10,852 middleware 31264 9092 access_denied - User: anonymous - Path: /api/users/
WARNING 2025-04-19 23:49:56,910 middleware 31264 28400 login_failure - User: anonymous - Path: /api/auth/login/
WARNING 2025-04-19 23:50:01,093 middleware 31264 28400 login_failure - User: anonymous - Path: /api/auth/login/
WARNING 2025-04-19 23:51:28,197 middleware 31264 32692 login_failure - User: anonymous - Path: /api/auth/login/
WARNING 2025-04-19 23:52:18,413 middleware 31264 5036 access_denied - User: anonymous - Path: /api/users/
WARNING 2025-04-19 23:52:23,317 middleware 31264 5036 access_denied - User: anonymous - Path: /api/users/
WARNING 2025-04-20 08:28:03,911 middleware 31264 23456 access_denied - User: anonymous - Path: /api/users/
WARNING 2025-04-20 13:55:05,586 middleware 31264 26676 login_failure - User: anonymous - Path: /api/auth/login/
WARNING 2025-04-20 13:56:30,587 middleware 31264 1632 login_failure - User: anonymous - Path: /api/auth/login/
WARNING 2025-04-20 13:56:46,972 middleware 31264 1632 login_failure - User: anonymous - Path: /api/auth/login/
INFO 2025-04-20 14:03:37,488 middleware 33896 33012 login_success - User: anonymous - Path: /api/auth/login/
WARNING 2025-04-20 14:10:14,225 middleware 33896 31832 access_denied - User: anonymous - Path: /api/users/
WARNING 2025-04-20 14:10:31,454 middleware 33896 31832 access_denied - User: anonymous - Path: /api/users/
INFO 2025-04-20 14:10:40,207 middleware 33896 31832 access_granted - User: super.authly@gmail.com - Path: /api/users/
INFO 2025-04-20 14:11:46,805 middleware 33896 33788 access_granted - User: super.authly@gmail.com - Path: /api/roles/permissions/
WARNING 2025-04-20 14:12:05,724 middleware 33896 33788 access_denied - User: super.authly@gmail.com - Path: /api/roles/permissions/
WARNING 2025-04-20 14:18:44,723 middleware 33896 35632 access_denied - User: anonymous - Path: /api/roles/roles/
INFO 2025-04-20 14:51:27,201 middleware 16272 13264 login_success - User: anonymous - Path: /api/auth/login/
INFO 2025-04-20 15:03:29,878 middleware 16272 30548 login_success - User: anonymous - Path: /api/auth/login/
INFO 2025-04-20 15:46:30,907 middleware 16272 33016 login_success - User: anonymous - Path: /api/auth/login/
WARNING 2025-04-20 16:05:17,500 middleware 16272 26492 login_failure - User: anonymous - Path: /api/auth/login/
WARNING 2025-04-20 16:05:30,329 middleware 16272 26492 login_failure - User: anonymous - Path: /api/auth/login/
WARNING 2025-04-20 16:06:26,502 middleware 16272 26492 login_failure - User: anonymous - Path: /api/auth/login/
INFO 2025-04-20 16:06:40,455 middleware 16272 26492 login_success - User: anonymous - Path: /api/auth/login/
INFO 2025-04-20 16:09:07,064 middleware 16272 26492 access_granted - User: super.authly@gmail.com - Path: /api/roles/permissions/
INFO 2025-04-20 16:41:49,693 middleware 16272 30072 login_success - User: anonymous - Path: /api/auth/login/
INFO 2025-04-20 16:42:51,141 middleware 17420 36472 login_success - User: anonymous - Path: /api/auth/login/
INFO 2025-04-20 16:43:36,656 middleware 17420 36472 access_granted - User: super.authly@gmail.com - Path: /api/roles/permissions/
INFO 2025-04-20 16:43:57,502 middleware 17420 36472 access_granted - User: super.authly@gmail.com - Path: /api/roles/roles/
WARNING 2025-04-20 16:44:37,481 middleware 17420 36472 access_denied - User: super.authly@gmail.com - Path: /api/roles/roles/
INFO 2025-04-20 16:44:55,957 middleware 17420 36472 access_granted - User: super.authly@gmail.com - Path: /api/roles/roles/
INFO 2025-04-20 16:45:40,719 middleware 17420 36472 access_granted - User: super.authly@gmail.com - Path: /api/roles/roles/
WARNING 2025-04-20 18:10:43,796 middleware 17420 28408 access_denied - User: anonymous - Path: /api/roles/permissions/
INFO 2025-04-20 18:11:03,002 middleware 17420 28408 login_success - User: anonymous - Path: /api/auth/login/
INFO 2025-04-20 18:55:03,774 middleware 17420 37632 login_success - User: anonymous - Path: /api/auth/login/
INFO 2025-04-20 19:06:58,719 middleware 17420 19320 login_success - User: anonymous - Path: /api/auth/login/
INFO 2025-04-20 19:13:24,214 middleware 17420 31260 access_granted - User: super.authly@gmail.com - Path: /api/roles/permissions/
WARNING 2025-04-20 20:00:18,711 middleware 17420 26392 login_failure - User: anonymous - Path: /api/auth/login/
INFO 2025-04-20 20:00:41,904 middleware 17420 26392 login_success - User: anonymous - Path: /api/auth/login/
INFO 2025-04-20 20:01:36,112 middleware 17420 26392 access_granted - User: super.authly@gmail.com - Path: /api/roles/permissions/
INFO 2025-04-20 20:08:03,547 middleware 17420 26392 access_granted - User: super.authly@gmail.com - Path: /api/users/
INFO 2025-04-20 20:09:18,471 middleware 17420 26392 access_granted - User: super.authly@gmail.com - Path: /api/roles/roles/068e32b9-7d46-4b28-8139-23fe91c7d008/
WARNING 2025-04-20 21:01:10,429 middleware 17420 31132 login_failure - User: anonymous - Path: /api/auth/login/
INFO 2025-04-20 21:01:22,222 middleware 17420 31132 login_success - User: anonymous - Path: /api/auth/login/
INFO 2025-04-20 21:03:54,366 middleware 17420 31132 login_success - User: anonymous - Path: /api/auth/login/
INFO 2025-04-20 21:03:59,231 middleware 17420 31132 login_success - User: anonymous - Path: /api/auth/login/
WARNING 2025-04-20 21:40:36,342 middleware 17420 31152 login_failure - User: anonymous - Path: /api/auth/login/
INFO 2025-04-20 21:40:51,777 middleware 17420 31152 login_success - User: anonymous - Path: /api/auth/login/
INFO 2025-04-20 21:58:51,148 middleware 17420 34028 login_success - User: anonymous - Path: /api/auth/login/
INFO 2025-04-20 22:22:20,177 middleware 17420 22084 login_success - User: anonymous - Path: /api/auth/login/
INFO 2025-04-21 08:12:37,569 middleware 17420 21368 login_success - User: anonymous - Path: /api/auth/login/
INFO 2025-04-21 08:34:14,205 middleware 17420 15500 login_success - User: anonymous - Path: /api/auth/login/
INFO 2025-04-21 09:28:24,782 middleware 17420 27368 login_success - User: anonymous - Path: /api/auth/login/
INFO 2025-04-21 09:48:46,649 middleware 17420 30836 login_success - User: anonymous - Path: /api/auth/login/
INFO 2025-04-21 10:11:15,298 middleware 17420 34792 login_success - User: anonymous - Path: /api/auth/login/
INFO 2025-04-21 10:25:04,837 middleware 17420 29128 login_success - User: super.authly@gmail.com - Path: /api/auth/login/
WARNING 2025-04-21 10:41:52,549 middleware 17420 37972 login_failure - User: anonymous - Path: /api/auth/login/
INFO 2025-04-21 10:42:08,925 middleware 17420 37972 login_success - User: anonymous - Path: /api/auth/login/
INFO 2025-04-21 11:14:04,075 middleware 17420 34624 login_success - User: anonymous - Path: /api/auth/login/
INFO 2025-04-21 13:13:17,184 middleware 17420 31336 login_success - User: anonymous - Path: /api/auth/login/
INFO 2025-04-21 13:26:13,217 middleware 17420 4452 access_granted - User: super.authly@gmail.com - Path: /api/roles/roles/
WARNING 2025-04-21 14:24:36,487 middleware 17420 33368 login_failure - User: anonymous - Path: /api/auth/login/
INFO 2025-04-21 14:24:46,996 middleware 17420 33368 login_success - User: anonymous - Path: /api/auth/login/
INFO 2025-04-21 14:27:28,652 middleware 17420 33368 access_granted - User: super.authly@gmail.com - Path: /api/roles/roles/
WARNING 2025-04-21 14:28:12,083 middleware 17420 33368 access_denied - User: super.authly@gmail.com - Path: /api/roles/roles/c0aa8a35-0cd8-42ee-b517-ecb881e64662/
WARNING 2025-04-21 14:28:24,497 middleware 17420 33368 access_denied - User: super.authly@gmail.com - Path: /api/roles/roles/c0aa8a35-0cd8-42ee-b517-ecb881e64662/
INFO 2025-04-21 14:28:57,228 middleware 17420 33368 access_granted - User: super.authly@gmail.com - Path: /api/roles/roles/068e32b9-7d46-4b28-8139-23fe91c7d008/
WARNING 2025-04-21 14:29:21,632 middleware 17420 33368 access_denied - User: super.authly@gmail.com - Path: /api/roles/roles/068e32b9-7d46-4b28-8139-23fe91c7d008/
INFO 2025-04-21 14:29:51,804 middleware 17420 33368 access_granted - User: super.authly@gmail.com - Path: /api/roles/roles/2c8b5498-3ce5-4300-8e88-6e0719720512/
INFO 2025-04-21 14:30:08,039 middleware 17420 33368 access_granted - User: super.authly@gmail.com - Path: /api/roles/roles/
INFO 2025-04-21 14:30:36,913 middleware 17420 33368 access_granted - User: super.authly@gmail.com - Path: /api/roles/roles/
INFO 2025-04-21 14:31:20,160 middleware 17420 33368 access_granted - User: super.authly@gmail.com - Path: /api/roles/roles/
WARNING 2025-04-21 14:40:17,783 middleware 17420 33368 access_denied - User: anonymous - Path: /api/roles/permissions/
WARNING 2025-04-21 14:40:37,921 middleware 17420 33368 access_denied - User: anonymous - Path: /api/roles/permissions/
INFO 2025-04-21 14:41:26,778 middleware 17420 33368 login_success - User: anonymous - Path: /api/auth/login/
INFO 2025-04-21 14:42:17,538 middleware 17420 33368 access_granted - User: super.authly@gmail.com - Path: /api/roles/permissions/
WARNING 2025-04-21 14:42:36,005 middleware 17420 33368 access_denied - User: super.authly@gmail.com - Path: /api/roles/permissions/
INFO 2025-04-21 14:43:02,147 middleware 17420 33368 access_granted - User: super.authly@gmail.com - Path: /api/roles/permissions/
INFO 2025-04-21 14:44:26,575 middleware 17420 33368 access_granted - User: super.authly@gmail.com - Path: /api/roles/permissions/
INFO 2025-04-21 14:44:44,296 middleware 17420 33368 access_granted - User: super.authly@gmail.com - Path: /api/roles/permissions/
INFO 2025-04-21 14:45:06,209 middleware 17420 33368 access_granted - User: super.authly@gmail.com - Path: /api/roles/permissions/
INFO 2025-04-21 14:46:35,217 middleware 17420 37992 access_granted - User: super.authly@gmail.com - Path: /api/roles/permissions/
INFO 2025-04-21 14:55:07,151 middleware 17420 32500 access_granted - User: super.authly@gmail.com - Path: /api/roles/permissions/
WARNING 2025-04-21 14:58:19,333 middleware 17420 32500 login_failure - User: anonymous - Path: /api/auth/login/
INFO 2025-04-21 14:58:30,059 middleware 17420 32500 login_success - User: anonymous - Path: /api/auth/login/
